******************************************************************************
                  TI ARM Linker PC v20.2.6                     
******************************************************************************
>> Linked Mon May  1 15:15:36 2023

OUTPUT FILE NAME:   <LabProject.out>
ENTRY POINT SYMBOL: "_c_int00_noargs"  address: 00004a99


MEMORY CONFIGURATION

         name            origin    length      used     unused   attr    fill
----------------------  --------  ---------  --------  --------  ----  --------
  FLASH                 00000000   00040000  00004f08  0003b0f8  R  X
  SRAM                  20000000   00008000  0000232e  00005cd2  RW X


SEGMENT ALLOCATION MAP

run origin  load origin   length   init length attrs members
----------  ----------- ---------- ----------- ----- -------
00000000    00000000    00004f08   00004f08    r-x
  00000000    00000000    0000026c   0000026c    r-- .intvecs
  0000026c    0000026c    00004a70   00004a70    r-x .text
  00004cdc    00004cdc    000001cc   000001cc    r-- .const
  00004ea8    00004ea8    00000060   00000060    r-- .cinit
20000000    20000000    00002332   00000000    rw-
  20000000    20000000    0000026c   00000000    rw- .vtable
  20000270    20000270    00001000   00000000    rw- .stack
  20001270    20001270    00001000   00000000    rw- .sysmem
  20002270    20002270    00000070   00000000    rw- .bss
  200022e0    200022e0    00000052   00000000    rw- .data


SECTION ALLOCATION MAP

 output                                  attributes/
section   page    origin      length       input sections
--------  ----  ----------  ----------   ----------------
.intvecs   0    00000000    0000026c     
                  00000000    0000026c     tm4c123gh6pm_startup_ccs.obj (.intvecs)

.text      0    0000026c    00004a70     
                  0000026c    00000c20     open_interface.obj (.text)
                  00000e8c    00000a4e     rtsv7M4_T_le_v4SPD16_eabi.lib : _printfi.c.obj (.text:__TI_printfi)
                  000018da    00000002                                   : _lock.c.obj (.text:_nop)
                  000018dc    000007dc     main.obj (.text)
                  000020b8    000006c8     scanFunctions.obj (.text)
                  00002780    00000330     movement.obj (.text)
                  00002ab0    00000328     lcd.obj (.text)
                  00002dd8    00000270     rtsv7M4_T_le_v4SPD16_eabi.lib : _printfi.c.obj (.text:_pconv_a)
                  00003048    00000248     Timer.obj (.text)
                  00003290    00000200     uart-interrupt.obj (.text)
                  00003490    000001d0     rtsv7M4_T_le_v4SPD16_eabi.lib : _printfi.c.obj (.text:_pconv_g)
                  00003660    000001bc     music.obj (.text)
                  0000381c    000001b6     rtsv7M4_T_le_v4SPD16_eabi.lib : fd_add_t2.asm.obj (.text)
                  000039d2    00000002                                   : div0.asm.obj (.text)
                  000039d4    0000013c                                   : _printfi.c.obj (.text:_pconv_e)
                  00003b10    00000136                                   : fd_div_t2.asm.obj (.text)
                  00003c46    00000002     --HOLE-- [fill = 0]
                  00003c48    00000124                                   : _printfi.c.obj (.text:fcvt)
                  00003d6c    00000110                                   : s_scalbn.c.obj (.text:scalbn)
                  00003e7c    00000100                                   : memory.c.obj (.text:aligned_alloc)
                  00003f7c    000000fc                                   : fd_mul_t2.asm.obj (.text)
                  00004078    000000e4                                   : memory.c.obj (.text:free)
                  0000415c    000000b1                                   : _printfi.c.obj (.text:_ltostr)
                  0000420d    00000001     --HOLE-- [fill = 0]
                  0000420e    0000009c                                   : memcpy_t2.asm.obj (.text)
                  000042aa    00000096                                   : ull_div_t2.asm.obj (.text)
                  00004340    00000086                                   : fd_cmp_t2.asm.obj (.text:__aeabi_cdcmple)
                  000043c6    00000086                                   : fd_cmp_t2.asm.obj (.text:__aeabi_cdrcmple)
                  0000444c    00000080     button.obj (.text)
                  000044cc    0000007a     rtsv7M4_T_le_v4SPD16_eabi.lib : memset_t2.asm.obj (.text)
                  00004546    00000002     --HOLE-- [fill = 0]
                  00004548    00000070                                   : memory.c.obj (.text:split)
                  000045b8    0000006e                                   : _printfi.c.obj (.text:_mcpy)
                  00004626    0000006e                                   : fd_tos_t2.asm.obj (.text)
                  00004694    00000068                                   : copy_decompress_lzss.c.obj (.text:decompress:lzss:__TI_decompress_lzss)
                  000046fc    00000064                                   : s_frexp.c.obj (.text:frexp)
                  00004760    00000056                                   : _printfi.c.obj (.text:_pconv_f)
                  000047b6    00000054                                   : _ltoa.c.obj (.text:__TI_ltoa)
                  0000480a    00000052                                   : _printfi.c.obj (.text:_ecpy)
                  0000485c    0000004c                                   : atoi.c.obj (.text:atoi)
                  000048a8    00000048                                   : fd_toi_t2.asm.obj (.text)
                  000048f0    00000044                                   : autoinit.c.obj (.text:__TI_auto_init_nobinit_nopinit:__TI_auto_init_nobinit_nopinit)
                  00004934    00000040                                   : sprintf.c.obj (.text:sprintf)
                  00004974    00000040                                   : vsnprintf.c.obj (.text:vsnprintf)
                  000049b4    0000003e                                   : _printfi.c.obj (.text:_fcpy)
                  000049f2    00000002     --HOLE-- [fill = 0]
                  000049f4    00000038                                   : memory.c.obj (.text:calloc)
                  00004a2c    00000038                                   : fs_tod_t2.asm.obj (.text)
                  00004a64    00000034     driverlib.lib : interrupt.obj (.text:IntRegister)
                  00004a98    00000034     rtsv7M4_T_le_v4SPD16_eabi.lib : boot_cortex_m.c.obj (.text:_c_int00_noargs:_c_int00_noargs)
                  00004acc    00000030                                   : vsnprintf.c.obj (.text:_outs)
                  00004afc    0000002e                                   : i_tofd_t2.asm.obj (.text)
                  00004b2a    00000002     --HOLE-- [fill = 0]
                  00004b2c    00000028                                   : memory.c.obj (.text:free_list_insert)
                  00004b54    0000001c                                   : copy_zero_init.c.obj (.text:decompress:ZI:__TI_zero_init_nomemset:__TI_zero_init_nomemset)
                  00004b70    0000001c                                   : memory.c.obj (.text:free_list_remove)
                  00004b8c    0000001c                                   : memccpy.c.obj (.text:memccpy)
                  00004ba8    0000001a                                   : s_copysign.c.obj (.text:copysign)
                  00004bc2    00000018                                   : vsnprintf.c.obj (.text:_outc)
                  00004bda    00000018                                   : sprintf.c.obj (.text:_outs)
                  00004bf2    00000018     open_interface.obj (.text:oi_parseInt)
                  00004c0a    00000018     rtsv7M4_T_le_v4SPD16_eabi.lib : strcmp.c.obj (.text:strcmp)
                  00004c22    00000016                                   : strchr.c.obj (.text:strchr)
                  00004c38    00000014                                   : strcpy.c.obj (.text:strcpy)
                  00004c4c    00000014                                   : strlen.c.obj (.text:strlen)
                  00004c60    00000012                                   : wcslen.c.obj (.text:wcslen)
                  00004c72    00000010     driverlib.lib : interrupt.obj (.text:IntMasterEnable)
                  00004c82    00000010     lcd.obj (.text:lcd_clear)
                  00004c92    0000000e     rtsv7M4_T_le_v4SPD16_eabi.lib : copy_decompress_none.c.obj (.text:decompress:none:__TI_decompress_none)
                  00004ca0    0000000c     driverlib.lib : cpu.obj (.text:CPUcpsie)
                  00004cac    0000000c     tm4c123gh6pm_startup_ccs.obj (.text)
                  00004cb8    0000000a     rtsv7M4_T_le_v4SPD16_eabi.lib : sprintf.c.obj (.text:_outc)
                  00004cc2    00000002     --HOLE-- [fill = 0]
                  00004cc4    00000008                                   : errno.c.obj (.text:__aeabi_errno_addr)
                  00004ccc    00000008                                   : memory.c.obj (.text:malloc)
                  00004cd4    00000004                                   : pre_init.c.obj (.text:_system_pre_init)
                  00004cd8    00000004                                   : exit.c.obj (.text:abort:abort)

.const     0    00004cdc    000001cc     
                  00004cdc    00000101     rtsv7M4_T_le_v4SPD16_eabi.lib : ctype.c.obj (.const:.string:_ctypes_)
                  00004ddd    0000000f     music.obj (.const:.string:$P$T0$1)
                  00004dec    0000000f     open_interface.obj (.const:.string:$P$T0$3)
                  00004dfb    0000000f     music.obj (.const:.string:$P$T1$2)
                  00004e0a    0000000f     music.obj (.const:.string:$P$T2$3)
                  00004e19    0000000f     music.obj (.const:.string:$P$T3$4)
                  00004e28    0000000f     music.obj (.const:.string:$P$T4$5)
                  00004e37    0000000f     music.obj (.const:.string:$P$T5$6)
                  00004e46    0000000f     music.obj (.const:.string:$P$T6$7)
                  00004e55    0000000f     music.obj (.const:.string:$P$T7$8)
                  00004e64    0000000f     music.obj (.const:.string:$P$T8$9)
                  00004e73    0000000f     music.obj (.const:.string:$P$T9$10)
                  00004e82    0000000c     music.obj (.const:.string:$P$T10$11)
                  00004e8e    0000000c     music.obj (.const:.string:$P$T11$12)
                  00004e9a    00000004     lcd.obj (.const:.string:lineAddress$1)
                  00004e9e    00000004     lcd.obj (.const:.string:lineAddresses$2)
                  00004ea2    00000003     music.obj (.const:.string:$P$T12$13)
                  00004ea5    00000003     music.obj (.const:.string:$P$T13$14)

.cinit     0    00004ea8    00000060     
                  00004ea8    0000002c     (.cinit..data.load) [load image, compression = lzss]
                  00004ed4    0000000c     (__TI_handler_table)
                  00004ee0    00000008     (.cinit..bss.load) [load image, compression = zero_init]
                  00004ee8    00000008     (.cinit..vtable.load) [load image, compression = zero_init]
                  00004ef0    00000018     (__TI_cinit_table)

.init_array 
*          0    00000000    00000000     UNINITIALIZED

.vtable    0    20000000    0000026c     UNINITIALIZED
                  20000000    0000026c     driverlib.lib : interrupt.obj (.vtable)

.stack     0    20000270    00001000     UNINITIALIZED
                  20000270    00000004     rtsv7M4_T_le_v4SPD16_eabi.lib : boot_cortex_m.c.obj (.stack)
                  20000274    00000ffc     --HOLE--

.sysmem    0    20001270    00001000     UNINITIALIZED
                  20001270    00000010     rtsv7M4_T_le_v4SPD16_eabi.lib : memory.c.obj (.sysmem)
                  20001280    00000ff0     --HOLE--

.bss       0    20002270    00000070     UNINITIALIZED
                  20002270    00000054     lcd.obj (.bss:lastbuffer$3)
                  200022c4    00000018     open_interface.obj (.bss:firmware$2)
                  200022dc    00000004     (.common:_timeout_ticks)

.data      0    200022e0    00000052     UNINITIALIZED
                  200022e0    00000020     open_interface.obj (.data)
                  20002300    00000014     scanFunctions.obj (.data)
                  20002314    00000008     rtsv7M4_T_le_v4SPD16_eabi.lib : _lock.c.obj (.data:$O1$$)
                  2000231c    00000008                                   : memory.c.obj (.data:$O1$$)
                  20002324    00000008     uart-interrupt.obj (.data)
                  2000232c    00000004     rtsv7M4_T_le_v4SPD16_eabi.lib : errno.c.obj (.data)
                  20002330    00000001     Timer.obj (.data)
                  20002331    00000001     button.obj (.data)

__llvm_prf_cnts 
*          0    20000000    00000000     UNINITIALIZED

MODULE SUMMARY

       Module                         code    ro data   rw data
       ------                         ----    -------   -------
    .\
       open_interface.obj             3128    15        56     
       main.obj                       2012    0         0      
       scanFunctions.obj              1736    0         20     
       lcd.obj                        824     8         84     
       movement.obj                   816     0         0      
       tm4c123gh6pm_startup_ccs.obj   12      620       0      
       music.obj                      444     180       0      
       Timer.obj                      584     0         5      
       uart-interrupt.obj             512     0         8      
       button.obj                     128     0         1      
    +--+------------------------------+-------+---------+---------+
       Total:                         10196   823       174    
                                                               
    C:/ti/TivaWare_C_Series-2.2.0.295/driverlib/ccs/Debug/driverlib.lib
       interrupt.obj                  68      0         620    
       cpu.obj                        12      0         0      
    +--+------------------------------+-------+---------+---------+
       Total:                         80      0         620    
                                                               
    C:\ti\ccs1200\ccs\tools\compiler\ti-cgt-arm_20.2.6.LTS\lib\rtsv7M4_T_le_v4SPD16_eabi.lib
       _printfi.c.obj                 4851    0         0      
       memory.c.obj                   728     0         8      
       fd_add_t2.asm.obj              438     0         0      
       fd_div_t2.asm.obj              310     0         0      
       s_scalbn.c.obj                 272     0         0      
       fd_cmp_t2.asm.obj              268     0         0      
       ctype.c.obj                    0       257       0      
       fd_mul_t2.asm.obj              252     0         0      
       memcpy_t2.asm.obj              156     0         0      
       ull_div_t2.asm.obj             150     0         0      
       vsnprintf.c.obj                136     0         0      
       memset_t2.asm.obj              122     0         0      
       fd_tos_t2.asm.obj              110     0         0      
       copy_decompress_lzss.c.obj     104     0         0      
       s_frexp.c.obj                  100     0         0      
       sprintf.c.obj                  98      0         0      
       _ltoa.c.obj                    84      0         0      
       atoi.c.obj                     76      0         0      
       fd_toi_t2.asm.obj              72      0         0      
       autoinit.c.obj                 68      0         0      
       fs_tod_t2.asm.obj              56      0         0      
       boot_cortex_m.c.obj            52      0         0      
       i_tofd_t2.asm.obj              46      0         0      
       copy_zero_init.c.obj           28      0         0      
       memccpy.c.obj                  28      0         0      
       s_copysign.c.obj               26      0         0      
       strcmp.c.obj                   24      0         0      
       strchr.c.obj                   22      0         0      
       strcpy.c.obj                   20      0         0      
       strlen.c.obj                   20      0         0      
       wcslen.c.obj                   18      0         0      
       copy_decompress_none.c.obj     14      0         0      
       errno.c.obj                    8       0         4      
       _lock.c.obj                    2       0         8      
       exit.c.obj                     4       0         0      
       pre_init.c.obj                 4       0         0      
       div0.asm.obj                   2       0         0      
    +--+------------------------------+-------+---------+---------+
       Total:                         8769    257       20     
                                                               
       Heap:                          0       0         4096   
       Stack:                         0       0         4096   
       Linker Generated:              0       96        0      
    +--+------------------------------+-------+---------+---------+
       Grand Total:                   19045   1176      9006   


LINKER GENERATED COPY TABLES

__TI_cinit_table @ 00004ef0 records: 3, size/record: 8, table size: 24
	.data: load addr=00004ea8, load size=0000002c bytes, run addr=200022e0, run size=00000052 bytes, compression=lzss
	.bss: load addr=00004ee0, load size=00000008 bytes, run addr=20002270, run size=00000070 bytes, compression=zero_init
	.vtable: load addr=00004ee8, load size=00000008 bytes, run addr=20000000, run size=0000026c bytes, compression=zero_init


LINKER GENERATED HANDLER TABLE

__TI_handler_table @ 00004ed4 records: 3, size/record: 4, table size: 12
	index: 0, handler: __TI_zero_init
	index: 1, handler: __TI_decompress_lzss
	index: 2, handler: __TI_decompress_none


GLOBAL SYMBOLS: SORTED ALPHABETICALLY BY Name 

address   name                          
-------   ----                          
00004cd9  C$$EXIT                       
00004ca1  CPUcpsie                      
20002304  END_TIME                      
00000bc3  GPIOF_Handler                 
00004c73  IntMasterEnable               
00004a65  IntRegister                   
00004cad  ResetISR                      
20002300  START_TIME                    
20002308  STATE                         
000022d1  TIMER3B_Handler               
000033eb  UART1_Handler                 
20001270  __STACK_END                   
00001000  __STACK_SIZE                  
20000470  __STACK_TOP                   
00001000  __SYSMEM_SIZE                 
00004ef0  __TI_CINIT_Base               
00004f08  __TI_CINIT_Limit              
00004ed4  __TI_Handler_Table_Base       
00004ee0  __TI_Handler_Table_Limit      
000048f1  __TI_auto_init_nobinit_nopinit
00004695  __TI_decompress_lzss          
00004c93  __TI_decompress_none          
000047b7  __TI_ltoa                     
ffffffff  __TI_pprof_out_hndl           
00000e8d  __TI_printfi                  
ffffffff  __TI_prof_data_size           
ffffffff  __TI_prof_data_start          
00000000  __TI_static_base__            
00004b55  __TI_zero_init_nomemset       
00004341  __aeabi_cdcmpeq               
00004341  __aeabi_cdcmple               
000043c7  __aeabi_cdrcmple              
00004627  __aeabi_d2f                   
000048a9  __aeabi_d2iz                  
00003827  __aeabi_dadd                  
00003b11  __aeabi_ddiv                  
00003f7d  __aeabi_dmul                  
0000381d  __aeabi_dsub                  
00004cc5  __aeabi_errno_addr            
00004a2d  __aeabi_f2d                   
00004afd  __aeabi_i2d                   
000039d3  __aeabi_idiv0                 
000039d3  __aeabi_ldiv0                 
000044cd  __aeabi_memclr                
000044cd  __aeabi_memclr4               
000044cd  __aeabi_memclr8               
0000420f  __aeabi_memcpy                
0000420f  __aeabi_memcpy4               
0000420f  __aeabi_memcpy8               
000044cf  __aeabi_memset                
000044cf  __aeabi_memset4               
000044cf  __aeabi_memset8               
000042ab  __aeabi_uldivmod              
ffffffff  __binit__                     
ffffffff  __c_args__                    
UNDEFED   __mpu_init                    
20000270  __stack                       
20000000  __start___llvm_prf_cnts       
20000000  __stop___llvm_prf_cnts        
00004a99  _c_int00_noargs               
00004cdc  _ctypes_                      
20002314  _lock                         
000018db  _nop                          
20002330  _running                      
20001270  _sys_memory                   
UNDEFED   _system_post_cinit            
00004cd5  _system_pre_init              
200022dc  _timeout_ticks                
20002318  _unlock                       
00004cd9  abort                         
000020b9  adc_init                      
0000214f  adc_result                    
00003e7d  aligned_alloc                 
0000485d  atoi                          
ffffffff  binit                         
00004481  button_getButton              
0000444d  button_init                   
000025c9  calibrate                     
000049f5  calloc                        
20002324  command_byte                  
20002328  command_flag                  
00004ba9  copysign                      
00004ba9  copysignl                     
2000232c  errno                         
00004079  free                          
000046fd  frexp                         
000046fd  frexpl                        
20000000  g_pfnRAMVectors               
00000000  g_pfnVectors                  
0000097f  go_charge                     
00004c83  lcd_clear                     
00002c85  lcd_gotoLine                  
00002aed  lcd_init                      
00002ceb  lcd_printf                    
00002bad  lcd_putc                      
00002be5  lcd_puts                      
00002ab1  lcd_reverseNibble             
00002c03  lcd_sendCommand               
00002c41  lcd_sendNibble                
00002cad  lcd_setCursorPos              
00003d6d  ldexp                         
00003d6d  ldexpl                        
2000230c  leftBound                     
00003661  load_songs                    
000018dd  main                          
00004ccd  malloc                        
00003e7d  memalign                      
00004b8d  memccpy                       
0000420f  memcpy                        
000044d5  memset                        
200022e0  motor_cal_factor_L            
200022e4  motor_cal_factor_R            
000027f1  move_backward                 
00002781  move_forward                  
00002861  move_forward_collison         
0000026d  oi_alloc                      
00000aa9  oi_checkFirmware              
000002c7  oi_close                      
00000279  oi_free                       
00000ded  oi_getMotorCalibrationLeft    
00000e01  oi_getMotorCalibrationRight   
000002b1  oi_init                       
00000289  oi_init_noupdate              
00000915  oi_loadSong                   
00004bf3  oi_parseInt                   
0000032b  oi_parsePacket                
0000096b  oi_play_song                  
0000084b  oi_setLeds                    
00000db1  oi_setMotorCalibration        
0000088f  oi_setWheels                  
00000b51  oi_shutoff_init               
0000098d  oi_uartInit                   
00000a31  oi_uartReceive                
00000a77  oi_uartSendBuff               
00000a15  oi_uartSendChar               
00000a59  oi_uartSendStr                
000002d9  oi_update                     
00002329  ping_getDistance              
0000217f  ping_init                     
00002253  ping_trigger                  
000037c3  play_Gun                      
0000376b  play_StarWars                 
20002310  rightBound                    
00003d6d  scalbn                        
00003d6d  scalbnl                       
00002481  servo_init                    
00002565  servo_move                    
00004935  sprintf                       
00004c23  strchr                        
00004c0b  strcmp                        
00004c39  strcpy                        
00004c4d  strlen                        
00003167  timer_getMicros               
0000310f  timer_getMillis               
00003049  timer_init                    
000030eb  timer_pause                   
000030fd  timer_resume                  
000030c1  timer_stop                    
000031c1  timer_waitMicros              
000031f3  timer_waitMillis              
00002a31  turn_left                     
000029cf  turn_right                    
00003291  uart_interrupt_init           
00003377  uart_receive                  
000033c1  uart_receive_noblocking       
0000335b  uart_sendChar                 
0000339d  uart_sendStr                  
00004975  vsnprintf                     
00004c61  wcslen                        


GLOBAL SYMBOLS: SORTED BY Symbol Address 

address   name                          
-------   ----                          
00000000  __TI_static_base__            
00000000  g_pfnVectors                  
0000026d  oi_alloc                      
00000279  oi_free                       
00000289  oi_init_noupdate              
000002b1  oi_init                       
000002c7  oi_close                      
000002d9  oi_update                     
0000032b  oi_parsePacket                
0000084b  oi_setLeds                    
0000088f  oi_setWheels                  
00000915  oi_loadSong                   
0000096b  oi_play_song                  
0000097f  go_charge                     
0000098d  oi_uartInit                   
00000a15  oi_uartSendChar               
00000a31  oi_uartReceive                
00000a59  oi_uartSendStr                
00000a77  oi_uartSendBuff               
00000aa9  oi_checkFirmware              
00000b51  oi_shutoff_init               
00000bc3  GPIOF_Handler                 
00000db1  oi_setMotorCalibration        
00000ded  oi_getMotorCalibrationLeft    
00000e01  oi_getMotorCalibrationRight   
00000e8d  __TI_printfi                  
00001000  __STACK_SIZE                  
00001000  __SYSMEM_SIZE                 
000018db  _nop                          
000018dd  main                          
000020b9  adc_init                      
0000214f  adc_result                    
0000217f  ping_init                     
00002253  ping_trigger                  
000022d1  TIMER3B_Handler               
00002329  ping_getDistance              
00002481  servo_init                    
00002565  servo_move                    
000025c9  calibrate                     
00002781  move_forward                  
000027f1  move_backward                 
00002861  move_forward_collison         
000029cf  turn_right                    
00002a31  turn_left                     
00002ab1  lcd_reverseNibble             
00002aed  lcd_init                      
00002bad  lcd_putc                      
00002be5  lcd_puts                      
00002c03  lcd_sendCommand               
00002c41  lcd_sendNibble                
00002c85  lcd_gotoLine                  
00002cad  lcd_setCursorPos              
00002ceb  lcd_printf                    
00003049  timer_init                    
000030c1  timer_stop                    
000030eb  timer_pause                   
000030fd  timer_resume                  
0000310f  timer_getMillis               
00003167  timer_getMicros               
000031c1  timer_waitMicros              
000031f3  timer_waitMillis              
00003291  uart_interrupt_init           
0000335b  uart_sendChar                 
00003377  uart_receive                  
0000339d  uart_sendStr                  
000033c1  uart_receive_noblocking       
000033eb  UART1_Handler                 
00003661  load_songs                    
0000376b  play_StarWars                 
000037c3  play_Gun                      
0000381d  __aeabi_dsub                  
00003827  __aeabi_dadd                  
000039d3  __aeabi_idiv0                 
000039d3  __aeabi_ldiv0                 
00003b11  __aeabi_ddiv                  
00003d6d  ldexp                         
00003d6d  ldexpl                        
00003d6d  scalbn                        
00003d6d  scalbnl                       
00003e7d  aligned_alloc                 
00003e7d  memalign                      
00003f7d  __aeabi_dmul                  
00004079  free                          
0000420f  __aeabi_memcpy                
0000420f  __aeabi_memcpy4               
0000420f  __aeabi_memcpy8               
0000420f  memcpy                        
000042ab  __aeabi_uldivmod              
00004341  __aeabi_cdcmpeq               
00004341  __aeabi_cdcmple               
000043c7  __aeabi_cdrcmple              
0000444d  button_init                   
00004481  button_getButton              
000044cd  __aeabi_memclr                
000044cd  __aeabi_memclr4               
000044cd  __aeabi_memclr8               
000044cf  __aeabi_memset                
000044cf  __aeabi_memset4               
000044cf  __aeabi_memset8               
000044d5  memset                        
00004627  __aeabi_d2f                   
00004695  __TI_decompress_lzss          
000046fd  frexp                         
000046fd  frexpl                        
000047b7  __TI_ltoa                     
0000485d  atoi                          
000048a9  __aeabi_d2iz                  
000048f1  __TI_auto_init_nobinit_nopinit
00004935  sprintf                       
00004975  vsnprintf                     
000049f5  calloc                        
00004a2d  __aeabi_f2d                   
00004a65  IntRegister                   
00004a99  _c_int00_noargs               
00004afd  __aeabi_i2d                   
00004b55  __TI_zero_init_nomemset       
00004b8d  memccpy                       
00004ba9  copysign                      
00004ba9  copysignl                     
00004bf3  oi_parseInt                   
00004c0b  strcmp                        
00004c23  strchr                        
00004c39  strcpy                        
00004c4d  strlen                        
00004c61  wcslen                        
00004c73  IntMasterEnable               
00004c83  lcd_clear                     
00004c93  __TI_decompress_none          
00004ca1  CPUcpsie                      
00004cad  ResetISR                      
00004cc5  __aeabi_errno_addr            
00004ccd  malloc                        
00004cd5  _system_pre_init              
00004cd9  C$$EXIT                       
00004cd9  abort                         
00004cdc  _ctypes_                      
00004ed4  __TI_Handler_Table_Base       
00004ee0  __TI_Handler_Table_Limit      
00004ef0  __TI_CINIT_Base               
00004f08  __TI_CINIT_Limit              
20000000  __start___llvm_prf_cnts       
20000000  __stop___llvm_prf_cnts        
20000000  g_pfnRAMVectors               
20000270  __stack                       
20000470  __STACK_TOP                   
20001270  __STACK_END                   
20001270  _sys_memory                   
200022dc  _timeout_ticks                
200022e0  motor_cal_factor_L            
200022e4  motor_cal_factor_R            
20002300  START_TIME                    
20002304  END_TIME                      
20002308  STATE                         
2000230c  leftBound                     
20002310  rightBound                    
20002314  _lock                         
20002318  _unlock                       
20002324  command_byte                  
20002328  command_flag                  
2000232c  errno                         
20002330  _running                      
ffffffff  __TI_pprof_out_hndl           
ffffffff  __TI_prof_data_size           
ffffffff  __TI_prof_data_start          
ffffffff  __binit__                     
ffffffff  __c_args__                    
ffffffff  binit                         
UNDEFED   __mpu_init                    
UNDEFED   _system_post_cinit            

[169 symbols]
